// Jest Snapshot v1, https://goo.gl/fbAQLP

exports[`BasicInfo should match snapshot 1`] = `
<styled.div>
  <styled.div>
    <Like
      movie={
        Object {
          "imdbID": "1234",
          "poster": "poster",
          "title": "Title",
          "year": "2022",
        }
      }
    />
  </styled.div>
  <styled.div>
    <p>
      TITLE
    </p>
    <p>
      2022
    </p>
  </styled.div>
</styled.div>
`;
